== width: starh2=12  go=12  kestrel=12  hyper=12  (OPPONENT_WIDTH=match)
== mixed SSE + oneshot, one TLS connection per arm
== 32 SSE streams, 5s + 1s warmup, one event per 10ms, 8 oneshot workers, 1 conns, 4 rounds
== starh2 executors=auto (=12)  opponents width=12  SSE target 16000 events/arm/round
== arms: starh2 :19450  go-net/http :19451  kestrel :19452  hyper :19454
== http2.zig is not an arm: one-shot handler API, no flush
round 1
  --- starh2 oneshot-only ---
  starh2       oneshot-only conns=1 workers=8
  starh2       oneshot ok=1005924 err=0 rps=201185 p50=35µs p99=124µs max=405µs
  --- starh2 mixed ---
  starh2       streams=32 conns=1 opened=32 delivering=32 failed=0 events=16000
  starh2       sse latency p50=41µs p99=117µs max=214µs
  starh2       oneshot ok=948302 err=0 rps=189660 p50=38µs p99=118µs max=503µs
  starh2 server CPU=10.00s (oneshot-only + mixed, including warmup)
  --- go-net/http oneshot-only ---
  go-net/http  oneshot-only conns=1 workers=8
  go-net/http  oneshot ok=418072 err=0 rps=83614 p50=87µs p99=273µs max=627µs
  --- go-net/http mixed ---
  go-net/http  streams=32 conns=1 opened=32 delivering=32 failed=0 events=16000
  go-net/http  sse latency p50=45µs p99=280µs max=446µs
  go-net/http  oneshot ok=448842 err=0 rps=89768 p50=80µs p99=273µs max=705µs
  go-net/http server CPU=18.00s (oneshot-only + mixed, including warmup)
  --- kestrel oneshot-only ---
  kestrel      oneshot-only conns=1 workers=8
  kestrel      oneshot ok=640125 err=0 rps=128025 p50=57µs p99=193µs max=485µs
  --- kestrel mixed ---
  kestrel      streams=32 conns=1 opened=32 delivering=32 failed=0 events=16032
  kestrel      sse latency p50=56µs p99=193µs max=285µs
  kestrel      oneshot ok=658596 err=0 rps=131719 p50=56µs p99=166µs max=536µs
  kestrel server CPU=62.00s (oneshot-only + mixed, including warmup)
  --- hyper oneshot-only ---
  hyper        oneshot-only conns=1 workers=8
  hyper        oneshot ok=886729 err=0 rps=177346 p50=39µs p99=154µs max=458µs
  --- hyper mixed ---
  hyper        streams=32 conns=1 opened=32 delivering=32 failed=0 events=16000
  hyper        sse latency p50=38µs p99=126µs max=242µs
  hyper        oneshot ok=875139 err=0 rps=175028 p50=40µs p99=142µs max=910µs
  hyper server CPU=11.00s (oneshot-only + mixed, including warmup)
round 2
  --- go-net/http oneshot-only ---
  go-net/http  oneshot-only conns=1 workers=8
  go-net/http  oneshot ok=426334 err=0 rps=85267 p50=86µs p99=265µs max=590µs
  --- go-net/http mixed ---
  go-net/http  streams=32 conns=1 opened=32 delivering=32 failed=0 events=16000
  go-net/http  sse latency p50=43µs p99=289µs max=452µs
  go-net/http  oneshot ok=469008 err=0 rps=93802 p50=77µs p99=262µs max=644µs
  go-net/http server CPU=18.00s (oneshot-only + mixed, including warmup)
  --- kestrel oneshot-only ---
  kestrel      oneshot-only conns=1 workers=8
  kestrel      oneshot ok=643645 err=0 rps=128729 p50=56µs p99=193µs max=857µs
  --- kestrel mixed ---
  kestrel      streams=32 conns=1 opened=32 delivering=32 failed=0 events=16000
  kestrel      sse latency p50=55µs p99=198µs max=443µs
  kestrel      oneshot ok=656512 err=0 rps=131302 p50=56µs p99=169µs max=1.574ms
  kestrel server CPU=62.00s (oneshot-only + mixed, including warmup)
  --- hyper oneshot-only ---
  hyper        oneshot-only conns=1 workers=8
  hyper        oneshot ok=906571 err=0 rps=181314 p50=38µs p99=154µs max=1.407ms
  --- hyper mixed ---
  hyper        streams=32 conns=1 opened=32 delivering=32 failed=0 events=16000
  hyper        sse latency p50=40µs p99=121µs max=197µs
  hyper        oneshot ok=860842 err=0 rps=172168 p50=41µs p99=147µs max=482µs
  hyper server CPU=10.00s (oneshot-only + mixed, including warmup)
  --- starh2 oneshot-only ---
  starh2       oneshot-only conns=1 workers=8
  starh2       oneshot ok=1005598 err=0 rps=201120 p50=35µs p99=127µs max=497µs
  --- starh2 mixed ---
  starh2       streams=32 conns=1 opened=32 delivering=32 failed=0 events=16000
  starh2       sse latency p50=42µs p99=115µs max=233µs
  starh2       oneshot ok=971027 err=0 rps=194205 p50=38µs p99=109µs max=416µs
  starh2 server CPU=10.00s (oneshot-only + mixed, including warmup)
round 3
  --- kestrel oneshot-only ---
  kestrel      oneshot-only conns=1 workers=8
  kestrel      oneshot ok=639331 err=0 rps=127866 p50=57µs p99=196µs max=596µs
  --- kestrel mixed ---
  kestrel      streams=32 conns=1 opened=32 delivering=32 failed=0 events=16000
  kestrel      sse latency p50=55µs p99=199µs max=310µs
  kestrel      oneshot ok=653661 err=0 rps=130732 p50=56µs p99=169µs max=634µs
  kestrel server CPU=62.00s (oneshot-only + mixed, including warmup)
  --- hyper oneshot-only ---
  hyper        oneshot-only conns=1 workers=8
  hyper        oneshot ok=907960 err=0 rps=181592 p50=38µs p99=152µs max=499µs
  --- hyper mixed ---
  hyper        streams=32 conns=1 opened=32 delivering=32 failed=0 events=16000
  hyper        sse latency p50=40µs p99=176µs max=260µs
  hyper        oneshot ok=863183 err=0 rps=172637 p50=41µs p99=146µs max=590µs
  hyper server CPU=11.00s (oneshot-only + mixed, including warmup)
  --- starh2 oneshot-only ---
  starh2       oneshot-only conns=1 workers=8
  starh2       oneshot ok=983283 err=0 rps=196657 p50=36µs p99=130µs max=1.449ms
  --- starh2 mixed ---
  starh2       streams=32 conns=1 opened=32 delivering=32 failed=0 events=16000
  starh2       sse latency p50=43µs p99=129µs max=194µs
  starh2       oneshot ok=945733 err=0 rps=189147 p50=39µs p99=118µs max=917µs
  starh2 server CPU=11.00s (oneshot-only + mixed, including warmup)
  --- go-net/http oneshot-only ---
  go-net/http  oneshot-only conns=1 workers=8
  go-net/http  oneshot ok=415499 err=0 rps=83100 p50=88µs p99=277µs max=907µs
  --- go-net/http mixed ---
  go-net/http  streams=32 conns=1 opened=32 delivering=32 failed=0 events=15997
  go-net/http  sse latency p50=46µs p99=262µs max=403µs
  go-net/http  oneshot ok=453899 err=0 rps=90780 p50=79µs p99=270µs max=747µs
  go-net/http server CPU=18.00s (oneshot-only + mixed, including warmup)
round 4
  --- hyper oneshot-only ---
  hyper        oneshot-only conns=1 workers=8
  hyper        oneshot ok=892363 err=0 rps=178473 p50=39µs p99=154µs max=495µs
  --- hyper mixed ---
  hyper        streams=32 conns=1 opened=32 delivering=32 failed=0 events=16000
  hyper        sse latency p50=39µs p99=135µs max=460µs
  hyper        oneshot ok=874772 err=0 rps=174954 p50=40µs p99=141µs max=510µs
  hyper server CPU=11.00s (oneshot-only + mixed, including warmup)
  --- starh2 oneshot-only ---
  starh2       oneshot-only conns=1 workers=8
  starh2       oneshot ok=997177 err=0 rps=199435 p50=36µs p99=126µs max=415µs
  --- starh2 mixed ---
  starh2       streams=32 conns=1 opened=32 delivering=32 failed=0 events=16000
  starh2       sse latency p50=41µs p99=133µs max=326µs
  starh2       oneshot ok=945329 err=0 rps=189066 p50=38µs p99=119µs max=485µs
  starh2 server CPU=10.00s (oneshot-only + mixed, including warmup)
  --- go-net/http oneshot-only ---
  go-net/http  oneshot-only conns=1 workers=8
  go-net/http  oneshot ok=413715 err=0 rps=82743 p50=88µs p99=277µs max=1.007ms
  --- go-net/http mixed ---
  go-net/http  streams=32 conns=1 opened=32 delivering=32 failed=0 events=16003
  go-net/http  sse latency p50=39µs p99=224µs max=424µs
  go-net/http  oneshot ok=479465 err=0 rps=95893 p50=75µs p99=256µs max=678µs
  go-net/http server CPU=17.00s (oneshot-only + mixed, including warmup)
  --- kestrel oneshot-only ---
  kestrel      oneshot-only conns=1 workers=8
  kestrel      oneshot ok=633245 err=0 rps=126649 p50=57µs p99=196µs max=491µs
  --- kestrel mixed ---
  kestrel      streams=32 conns=1 opened=32 delivering=32 failed=0 events=16000
  kestrel      sse latency p50=55µs p99=177µs max=357µs
  kestrel      oneshot ok=657866 err=0 rps=131573 p50=56µs p99=168µs max=574µs
  kestrel server CPU=62.00s (oneshot-only + mixed, including warmup)
stall: one SSE stream stops reading; p99 of the others + oneshot rps
  --- starh2 mixed + stall ---
  starh2       streams=32 conns=1 opened=32 delivering=31 failed=0 events=15500
  starh2       sse latency p50=43µs p99=122µs max=333µs
  starh2       oneshot ok=964785 err=0 rps=192957 p50=38µs p99=112µs max=407µs
  --- go-net/http mixed + stall ---
  go-net/http  streams=32 conns=1 opened=32 delivering=31 failed=0 events=15500
  go-net/http  sse latency p50=54µs p99=262µs max=408µs
  go-net/http  oneshot ok=447918 err=0 rps=89584 p50=80µs p99=275µs max=650µs
  --- kestrel mixed + stall ---
  kestrel      streams=32 conns=1 opened=32 delivering=31 failed=0 events=15500
  kestrel      sse latency p50=56µs p99=175µs max=440µs
  kestrel      oneshot ok=657131 err=0 rps=131426 p50=56µs p99=168µs max=1.701ms
  --- hyper mixed + stall ---
  hyper        streams=32 conns=1 opened=32 delivering=31 failed=0 events=15531
  hyper        sse latency p50=38µs p99=133µs max=291µs
  hyper        oneshot ok=881934 err=0 rps=176387 p50=40µs p99=141µs max=522µs
